{
  "data": {
    "_entities": [
      {
        "__typename": "Category",
        "id": "1",
        "products": [
          {
            "id": "1",
            "name": "Product 1"
          },
          {
            "id": "2",
            "name": "Product 2"
          }
        ]
      },
      {
        "__typename": "Product",
        "id": "1",
        "name": "Product 1",
        "category": {
          "id": "1"
        }
      }
    ]
  }
}