schema @link(url: "https://specs.apollo.dev/link/v1.0", import: ["@link"]) @link(url: "https://specs.apollo.dev/federation/v2.3", import: ["@key", "@external", "@requires", "@provides", "@shareable", "@inaccessible", "@override", "@tag"]) {
  query: Query
}

scalar _Any

type Query {
  users: [User!]!
  _service: _Service!
  _entities(representations: [_Any!]!): [_Entity]!
}

type User @key(fields: "id") {
  id: ID!
  username: String!
}

type _Service {
  sdl: String
}

union _Entity = User
