{
  "data": {
    "_entities": [
      {
        "__typename": "Product",
        "id": "1",
        "reviews": [
          {
            "id": "1",
            "content": "Review 1",
            "product": {
              "id": "1"
            },
            "author": {
              "id": "1"
            }
          },
          {
            "id": "2",
            "content": "Review 2",
            "product": {
              "id": "1"
            },
            "author": {
              "id": "2"
            }
          }
        ]
      },
      {
        "__typename": "User",
        "id": "1",
        "reviews": [
          {
            "id": "1",
            "content": "Review 1",
            "product": {
              "id": "1"
            },
            "author": {
              "id": "1"
            }
          },
          {
            "id": "3",
            "content": "Review 3",
            "product": {
              "id": "2"
            },
            "author": {
              "id": "1"
            }
          }
        ]
      }
    ]
  }
}