{
  "data": {
    "_entities": [
      {
        "__typename": "Category",
        "id": "1",
        "name": "Category 1"
      }
    ]
  }
}