namespace GraphQL.NewtonsoftJson
{
    public class DocumentWriter : GraphQL.IDocumentWriter
    {
        public DocumentWriter() { }
        public DocumentWriter(Newtonsoft.Json.JsonSerializerSettings settings) { }
        public DocumentWriter(bool indent) { }
        public System.Threading.Tasks.Task WriteAsync<T>(System.IO.Stream stream, T value) { }
    }
    public class ExecutionResultContractResolver : Newtonsoft.Json.Serialization.DefaultContractResolver
    {
        public ExecutionResultContractResolver() { }
        protected override Newtonsoft.Json.Serialization.JsonProperty CreateProperty(System.Reflection.MemberInfo member, Newtonsoft.Json.MemberSerialization memberSerialization) { }
        protected override Newtonsoft.Json.JsonConverter ResolveContractConverter(System.Type objectType) { }
    }
    public class ExecutionResultJsonConverter : Newtonsoft.Json.JsonConverter
    {
        public ExecutionResultJsonConverter() { }
        public override bool CanRead { get; }
        public override bool CanConvert(System.Type objectType) { }
        public override object ReadJson(Newtonsoft.Json.JsonReader reader, System.Type objectType, object existingValue, Newtonsoft.Json.JsonSerializer serializer) { }
        public override void WriteJson(Newtonsoft.Json.JsonWriter writer, object value, Newtonsoft.Json.JsonSerializer serializer) { }
    }
    public static class SchemaExtensions
    {
        public static System.Threading.Tasks.Task<string> ExecuteAsync(this GraphQL.Types.ISchema schema, System.Action<GraphQL.ExecutionOptions> configure) { }
    }
    public static class StringExtensions
    {
        public static object GetValue(this object value) { }
        public static System.Collections.Generic.Dictionary<string, object> ToDictionary(this string json) { }
        public static GraphQL.Inputs ToInputs(this Newtonsoft.Json.Linq.JObject obj) { }
        public static GraphQL.Inputs ToInputs(this string json) { }
    }
}