"Example StarWars universe schema"
schema {
  query: Query
  mutation: Mutation
}

interface Character {
  "Which movie they appear in."
  appearsIn: [Episode]
  friends: [Character]
  friendsConnection: CharacterInterfaceConnection
  "The id of the character."
  id: String!
  "The name of the character."
  name: String
}

"A connection from an object to a list of objects of type `CharacterInterface`."
type CharacterInterfaceConnection {
  "A list of all of the edges returned in the connection."
  edges: [CharacterInterfaceEdge]
  "A list of all of the objects returned in the connection. This is a convenience field provided for quickly exploring the API; rather than querying for \"{ edges { node } }\" when no edge data is needed, this field can be used instead. Note that when clients like Relay need to fetch the \"cursor\" field on the edge to enable efficient pagination, this shortcut cannot be used, and the full \"{ edges { node } } \" version should be used instead."
  items: [Character]
  "Information to aid in pagination."
  pageInfo: PageInfo!
  "A count of the total number of objects in this connection, ignoring pagination. This allows a client to fetch the first five objects by passing \"5\" as the argument to `first`, then fetch the total count so it could display \"5 of 83\", for example. In cases where we employ infinite scrolling or don't have an exact count of entries, this field will return `null`."
  totalCount: Int
}

"An edge in a connection from an object to another object of type `CharacterInterface`."
type CharacterInterfaceEdge {
  "A cursor for use in pagination"
  cursor: String!
  "The item at the end of the edge"
  node: Character
}

"A mechanical creature in the Star Wars universe."
type Droid implements Character {
  "Which movie they appear in."
  appearsIn: [Episode]
  friends: [Character]
  "A list of a character's friends."
  friendsConnection(
    "Only return edges after the specified cursor."
    after: String,
    "Only return edges prior to the specified cursor."
    before: String,
    "Specifies the maximum number of edges to return, starting after the cursor specified by 'after', or the first number of edges if 'after' is not specified."
    first: Int,
    "Specifies the maximum number of edges to return, starting prior to the cursor specified by 'before', or the last number of edges if 'before' is not specified."
    last: Int): CharacterInterfaceConnection
  "The id of the droid."
  id: String!
  "The name of the droid."
  name: String
  "The primary function of the droid."
  primaryFunction: String
}

"One of the films in the Star Wars Trilogy."
enum Episode {
  "Released in 1980."
  EMPIRE
  "Released in 1983."
  JEDI
  "Released in 1977."
  NEWHOPE
}

type Human implements Character {
  "Which movie they appear in."
  appearsIn: [Episode]
  friends: [Character]
  "A list of a character's friends."
  friendsConnection(
    "Only return edges after the specified cursor."
    after: String,
    "Only return edges prior to the specified cursor."
    before: String,
    "Specifies the maximum number of edges to return, starting after the cursor specified by 'after', or the first number of edges if 'after' is not specified."
    first: Int,
    "Specifies the maximum number of edges to return, starting prior to the cursor specified by 'before', or the last number of edges if 'before' is not specified."
    last: Int): CharacterInterfaceConnection
  "The home planet of the human."
  homePlanet: String
  "The id of the human."
  id: String!
  "The name of the human."
  name: String
}

input HumanInput {
  homePlanet: String
  name: String!
}

type Mutation {
  createHuman(human: HumanInput!): Human
}

"Information about pagination in a connection."
type PageInfo {
  "When paginating forwards, the cursor to continue."
  endCursor: String
  "When paginating forwards, are there more items?"
  hasNextPage: Boolean!
  "When paginating backwards, are there more items?"
  hasPreviousPage: Boolean!
  "When paginating backwards, the cursor to continue."
  startCursor: String
}

type Query {
  droid(
    "id of the droid"
    id: String!): Droid
  hero: Character
  human(
    "id of the human"
    id: String!): Human
}
