schema @link(import: ["@link"], url: "https://specs.apollo.dev/link/v1.0") @link(url: "https://spec.example.com/a/b/example/v1.0/") {
  query: Query
}

directive @Directive2 on FIELD_DEFINITION

directive @example__Directive1 on FIELD_DEFINITION

directive @link(as: String, import: [link__Import], purpose: link__Purpose, url: String!) repeatable on SCHEMA

type example__Type1 {
  field1: String
}

scalar link__Import

enum link__Purpose {
  "`EXECUTION` features provide metadata necessary for operation execution."
  EXECUTION
  "`SECURITY` features provide metadata necessary to securely resolve fields."
  SECURITY
}

type Query {
  dummy: String
}

type Type2 {
  field2: String
}

==== Without Imported Types ====

schema @link(import: ["@link"], url: "https://specs.apollo.dev/link/v1.0") @link(url: "https://spec.example.com/a/b/example/v1.0/") {
  query: Query
}

directive @Directive2 on FIELD_DEFINITION

type Query {
  dummy: String
}

type Type2 {
  field2: String
}
