schema @link(import: ["@link"], url: "https://specs.apollo.dev/link/v1.0") @link(import: ["@key", {as: "@share", name: "@shareable"}], url: "https://spec.example.com/example") {
  query: Query
}

directive @link(as: String, import: [link__Import], purpose: link__Purpose, url: String!) repeatable on SCHEMA

scalar link__Import

enum link__Purpose {
  "`EXECUTION` features provide metadata necessary for operation execution."
  EXECUTION
  "`SECURITY` features provide metadata necessary to securely resolve fields."
  SECURITY
}

type Query {
  dummy: String
}

==== Without Imported Types ====

schema @link(import: ["@link"], url: "https://specs.apollo.dev/link/v1.0") @link(import: ["@key", {as: "@share", name: "@shareable"}], url: "https://spec.example.com/example") {
  query: Query
}

type Query {
  dummy: String
}
