schema @link(import: ["@link", {as: "LinkImport", name: "Import"}], url: "https://specs.apollo.dev/link/v1.0") {
  query: Query
}

directive @link(as: String, import: [LinkImport], purpose: link__Purpose, url: String!) repeatable on SCHEMA

scalar LinkImport

enum link__Purpose {
  "`EXECUTION` features provide metadata necessary for operation execution."
  EXECUTION
  "`SECURITY` features provide metadata necessary to securely resolve fields."
  SECURITY
}

type Query {
  dummy: String
}

==== Without Imported Types ====

schema @link(import: ["@link", {as: "LinkImport", name: "Import"}], url: "https://specs.apollo.dev/link/v1.0") {
  query: Query
}

type Query {
  dummy: String
}
