schema @link(import: ["@link", {as: "LinkPurpose", name: "Purpose"}], url: "https://specs.apollo.dev/link/v1.0") {
  query: Query
}

directive @link(as: String, import: [link__Import], purpose: LinkPurpose, url: String!) repeatable on SCHEMA

enum LinkPurpose {
  "`EXECUTION` features provide metadata necessary for operation execution."
  EXECUTION
  "`SECURITY` features provide metadata necessary to securely resolve fields."
  SECURITY
}

scalar link__Import

type Query {
  dummy: String
}

==== Without Imported Types ====

schema @link(import: ["@link", {as: "LinkPurpose", name: "Purpose"}], url: "https://specs.apollo.dev/link/v1.0") {
  query: Query
}

type Query {
  dummy: String
}
