schema @link(url: "https://specs.apollo.dev/federation/v2.0", import: ["@key", "@shareable", "@inaccessible", "@override", "@external", "@provides", "@requires"]) {
  query: Query
}

type Category @key(fields: "id") {
  id: ID!
  name: String!
}

extend type Query {
  categories: [Category!]!
}